﻿
[96m[1m--- METRICS GLOSSARY ---[0m
[93mFrame FPS         [0m: Instantaneous speed. Best for finding stutters.
[93mSmooth FPS        [0m: Trailing average. This is what you see in the HUD.
[93mFrame MS          [0m: Time to render one frame (ms). Lower is better.
[93mServer Frame MS   [0m: Server tick processing time. High = Server Lag.
[93mMedian            [0m: The middle performance value (50th percentile).
[93m1% Low            [0m: Performance at the 1st percentile. Fluidity check.
[93m0.1% Low          [0m: Absolute worst hitches (e.g., teleports/crashes).
[93mStd Dev (Jitter)  [0m: Consistency check. High = 'Micro-stutter'.
--------------------------------------------------

Analyzing performance schema...

==================================================
  CS2 PERFORMANCE PROFILE | 2033.60s
==================================================

[Frame FPS]
  Mean                :    10.48 FPS
  Max                 :    14.00 FPS
  Min                 :     0.00 FPS
  Std Dev (Jitter)    :     2.70 FPS
  Median              :    11.00 FPS
  10% Low             :     7.00 FPS
  1% Low              :     1.00 FPS
  0.1% Low            :     1.00 FPS

[Smooth FPS]
  Mean                :    18.70 FPS
  Max                 :   118.00 FPS
  Min                 :     8.00 FPS
  Std Dev (Jitter)    :    17.09 FPS
  Median              :    13.00 FPS
  10% Low             :    10.00 FPS
  1% Low              :     8.00 FPS
  0.1% Low            :     8.00 FPS

[Frame MS]
  Mean                :   103.00 ms
  Max                 :  1065.90 ms
  Min                 :    66.70 ms
  Std Dev (Jitter)    :    67.59 ms
  Median              :    89.10 ms
  10% High            :   133.68 ms
  1% High             :   530.50 ms
  0.1% High           :   721.09 ms

[Smooth MS]
  Mean                :    69.72 ms
  Max                 :   118.50 ms
  Min                 :     8.40 ms
  Std Dev (Jitter)    :    23.70 ms
  Median              :    73.75 ms
  10% High            :    95.67 ms
  1% High             :   112.20 ms
  0.1% High           :   116.80 ms

[Engine & Network]
  Avg Server Delta    : -103.00 ms
  Stutters (>50.0ms)  : 1574 (100.00%)
==================================================

